'vswhere.exe' is not recognized as an internal or external command,
operable program or batch file.
**********************************************************************
** Visual Studio 2022 Developer Command Prompt v17.0
** Copyright (c) 2025 Microsoft Corporation
**********************************************************************
[vcvarsall.bat] Environment initialized for: 'x64'
running build_ext
W0920 13:48:22.396000 23696 site-packages\torch\utils\cpp_extension.py:647] The detected CUDA version (13.3) has a minor version mismatch with the version that was used to compile PyTorch (13.2). Most likely this shouldn't be a problem.
building 'quant_cuda' extension
[1/1] "C:\Program Files\NVIDIA GPU Computing Toolkit\CUDA\v13.3\bin\nvcc" -MD -MF C:\GPTQ\GPTQ\code\build\temp.win-amd64-cpython-314\Release\quant_cuda_kernel.obj.d -std=c++20 -Xcompiler /MD -Xcompiler /wd4819 -Xcompiler /wd4251 -Xcompiler /wd4244 -Xcompiler /wd4267 -Xcompiler /wd4275 -Xcompiler /wd4018 -Xcompiler /wd4190 -Xcompiler /wd4624 -Xcompiler /wd4067 -Xcompiler /wd4068 -Xcompiler /EHsc --use-local-env -Xcudafe --diag_suppress=base_class_has_different_dll_interface -Xcudafe --diag_suppress=field_without_dll_interface -Xcudafe --diag_suppress=dll_interface_conflict_none_assumed -Xcudafe --diag_suppress=dll_interface_conflict_dllexport_assumed -IC:\Users\HHM\AppData\Local\Programs\Python\Python314\Lib\site-packages\torch\include -IC:\Users\HHM\AppData\Local\Programs\Python\Python314\Lib\site-packages\torch\include\torch\csrc\api\include "-IC:\Program Files\NVIDIA GPU Computing Toolkit\CUDA\v13.3\include" -IC:\Users\HHM\AppData\Local\Programs\Python\Python314\include -IC:\Users\HHM\AppData\Local\Programs\Python\Python314\Include "-IC:\Program Files (x86)\Microsoft Visual Studio\2022\BuildTools\VC\Tools\MSVC\14.44.35207\include" "-IC:\Program Files (x86)\Microsoft Visual Studio\2022\BuildTools\VC\Auxiliary\VS\include" "-IC:\Program Files (x86)\Windows Kits\10\include\10.0.26100.0\ucrt" "-IC:\Program Files (x86)\Windows Kits\10\\include\10.0.26100.0\\um" "-IC:\Program Files (x86)\Windows Kits\10\\include\10.0.26100.0\\shared" "-IC:\Program Files (x86)\Windows Kits\10\\include\10.0.26100.0\\winrt" "-IC:\Program Files (x86)\Windows Kits\10\\include\10.0.26100.0\\cppwinrt" -c C:\GPTQ\GPTQ\code\quant_cuda_kernel.cu -o C:\GPTQ\GPTQ\code\build\temp.win-amd64-cpython-314\Release\quant_cuda_kernel.obj -D__CUDA_NO_HALF_OPERATORS__ -D__CUDA_NO_HALF_CONVERSIONS__ -D__CUDA_NO_BFLOAT16_CONVERSIONS__ -D__CUDA_NO_HALF2_OPERATORS__ --expt-relaxed-constexpr -DTORCH_API_INCLUDE_EXTENSION_H -DTORCH_EXTENSION_NAME=quant_cuda -gencode=arch=compute_89,code=sm_89
C:/Users/HHM/AppData/Local/Programs/Python/Python314/Lib/site-packages/torch/include/torch/csrc/api/include\torch/nn/modules/container/any_module_holder.h(93): warning #3189-D: "module" is parsed as an identifier rather than a keyword because the tokens that follow it do not match those of a preprocessor directive
            module->_forward_populate_default_args(std::move(arguments)));
            ^

Remark: The warnings can be suppressed with "-diag-suppress <warning-number>"

C:/Users/HHM/AppData/Local/Programs/Python/Python314/Lib/site-packages/torch/include/torch/csrc/api/include\torch/python.h(93): warning #3189-D: "module" is parsed as an identifier rather than a keyword because the tokens that follow it do not match those of a preprocessor directive
    module.attr(name) = wrapper_class;
    ^

C:/Users/HHM/AppData/Local/Programs/Python/Python314/Lib/site-packages/torch/include/torch/csrc/api/include\torch/python.h(155): warning #3189-D: "module" is parsed as an identifier rather than a keyword because the tokens that follow it do not match those of a preprocessor directive
                module.to(
                ^

C:/Users/HHM/AppData/Local/Programs/Python/Python314/Lib/site-packages/torch/include/torch/csrc/api/include\torch/python.h(159): warning #3189-D: "module" is parsed as an identifier rather than a keyword because the tokens that follow it do not match those of a preprocessor directive
                module.to(detail::py_object_to_dtype(object), non_blocking);
                ^

C:/Users/HHM/AppData/Local/Programs/Python/Python314/Lib/site-packages/torch/include/torch/csrc/api/include\torch/python.h(170): warning #3189-D: "module" is parsed as an identifier rather than a keyword because the tokens that follow it do not match those of a preprocessor directive
                  module.to(detail::py_object_to_dtype(dtype), non_blocking);
                  ^

C:/Users/HHM/AppData/Local/Programs/Python/Python314/Lib/site-packages/torch/include/torch/csrc/api/include\torch/python.h(172): warning #3189-D: "module" is parsed as an identifier rather than a keyword because the tokens that follow it do not match those of a preprocessor directive
                  module.to(detail::py_object_to_device(device), non_blocking);
                  ^

C:/Users/HHM/AppData/Local/Programs/Python/Python314/Lib/site-packages/torch/include/torch/csrc/api/include\torch/python.h(174): warning #3189-D: "module" is parsed as an identifier rather than a keyword because the tokens that follow it do not match those of a preprocessor directive
                  module.to(
                  ^

C:/Users/HHM/AppData/Local/Programs/Python/Python314/Lib/site-packages/torch/include/torch/csrc/api/include\torch/nn/modules/container/any_module_holder.h(93): warning #3189-D: "module" is parsed as an identifier rather than a keyword because the tokens that follow it do not match those of a preprocessor directive
            module->_forward_populate_default_args(std::move(arguments)));
            ^

Remark: The warnings can be suppressed with "-diag-suppress <warning-number>"

C:/Users/HHM/AppData/Local/Programs/Python/Python314/Lib/site-packages/torch/include/torch/csrc/api/include\torch/python.h(93): warning #3189-D: "module" is parsed as an identifier rather than a keyword because the tokens that follow it do not match those of a preprocessor directive
    module.attr(name) = wrapper_class;
    ^

C:/Users/HHM/AppData/Local/Programs/Python/Python314/Lib/site-packages/torch/include/torch/csrc/api/include\torch/python.h(155): warning #3189-D: "module" is parsed as an identifier rather than a keyword because the tokens that follow it do not match those of a preprocessor directive
                module.to(
                ^

C:/Users/HHM/AppData/Local/Programs/Python/Python314/Lib/site-packages/torch/include/torch/csrc/api/include\torch/python.h(159): warning #3189-D: "module" is parsed as an identifier rather than a keyword because the tokens that follow it do not match those of a preprocessor directive
                module.to(detail::py_object_to_dtype(object), non_blocking);
                ^

C:/Users/HHM/AppData/Local/Programs/Python/Python314/Lib/site-packages/torch/include/torch/csrc/api/include\torch/python.h(170): warning #3189-D: "module" is parsed as an identifier rather than a keyword because the tokens that follow it do not match those of a preprocessor directive
                  module.to(detail::py_object_to_dtype(dtype), non_blocking);
                  ^

C:/Users/HHM/AppData/Local/Programs/Python/Python314/Lib/site-packages/torch/include/torch/csrc/api/include\torch/python.h(172): warning #3189-D: "module" is parsed as an identifier rather than a keyword because the tokens that follow it do not match those of a preprocessor directive
                  module.to(detail::py_object_to_device(device), non_blocking);
                  ^

C:/Users/HHM/AppData/Local/Programs/Python/Python314/Lib/site-packages/torch/include/torch/csrc/api/include\torch/python.h(174): warning #3189-D: "module" is parsed as an identifier rather than a keyword because the tokens that follow it do not match those of a preprocessor directive
                  module.to(
                  ^

quant_cuda_kernel.cu
tmpxft_00009520_00000000-7_quant_cuda_kernel.cudafe1.cpp
"C:\Program Files (x86)\Microsoft Visual Studio\2022\BuildTools\VC\Tools\MSVC\14.44.35207\bin\HostX64\x64\link.exe" /nologo /INCREMENTAL:NO /LTCG /DLL /MANIFEST:EMBED,ID=2 /MANIFESTUAC:NO /LIBPATH:C:\Users\HHM\AppData\Local\Programs\Python\Python314\Lib\site-packages\torch\lib "/LIBPATH:C:\Program Files\NVIDIA GPU Computing Toolkit\CUDA\v13.3\lib\x64" /LIBPATH:C:\Users\HHM\AppData\Local\Programs\Python\Python314\libs /LIBPATH:C:\Users\HHM\AppData\Local\Programs\Python\Python314 /LIBPATH:C:\Users\HHM\AppData\Local\Programs\Python\Python314\PCbuild\amd64 "/LIBPATH:C:\Program Files (x86)\Microsoft Visual Studio\2022\BuildTools\VC\Tools\MSVC\14.44.35207\lib\x64" "/LIBPATH:C:\Program Files (x86)\Windows Kits\10\lib\10.0.26100.0\ucrt\x64" "/LIBPATH:C:\Program Files (x86)\Windows Kits\10\\lib\10.0.26100.0\\um\x64" c10.lib torch.lib torch_cpu.lib torch_python.lib cudart.lib c10_cuda.lib torch_cuda.lib C:\GPTQ\GPTQ\code\build\temp.win-amd64-cpython-314\Release\quant_cuda.obj C:\GPTQ\GPTQ\code\build\temp.win-amd64-cpython-314\Release\quant_cuda_kernel.obj /OUT:build\lib.win-amd64-cpython-314\quant_cuda.cp314-win_amd64.pyd /IMPLIB:C:\GPTQ\GPTQ\code\build\temp.win-amd64-cpython-314\Release\quant_cuda.cp314-win_amd64.lib
  正在创建库 C:\GPTQ\GPTQ\code\build\temp.win-amd64-cpython-314\Release\quant_cuda.cp314-win_amd64.lib 和对象 C:\GPTQ\GPTQ\code\build\temp.win-amd64-cpython-314\Release\quant_cuda.cp314-win_amd64.exp
正在生成代码
已完成代码的生成
copying build\lib.win-amd64-cpython-314\quant_cuda.cp314-win_amd64.pyd -> 
